// Jest Snapshot v1, https://goo.gl/fbAQLP

exports[`Weather Widget Component Should render properly 1`] = `
Array [
  <WeatherTile
    dateTime="2020-08-04 18:00:00"
    humidity={84}
    key="2020-08-04 18:00:00"
    temp={234.23}
    weather={
      Array [
        Object {
          "description": "light rain",
          "main": "Rain",
        },
      ]
    }
  />,
  <WeatherTile
    dateTime="2020-08-03 19:00:00"
    humidity={84}
    key="2020-08-03 19:00:00"
    temp={234.23}
    weather={
      Array [
        Object {
          "description": "light rain",
          "main": "Rain",
        },
      ]
    }
  />,
  <WeatherTile
    dateTime="2020-08-02 19:00:00"
    humidity={84}
    key="2020-08-02 19:00:00"
    temp={234.23}
    weather={
      Array [
        Object {
          "description": "light rain",
          "main": "Rain",
        },
      ]
    }
  />,
]
`;
