// Jest Snapshot v1, https://goo.gl/fbAQLP

exports[`App Component should render properly 1`] = `
<div>
  <h2>
    Weather Forcast
  </h2>
</div>
`;
